[www.jobyfied.com/index.html]
[www.googletagmanager.com/gtag/js.09b02.delayed]
[pagead2.googlesyndication.com/pagead/js/f.txt]
[backblue.gif]
[fade.gif]
[index.html]
[www.jobyfied.com/fonts/icomoon/style.css]
[www.jobyfied.com/css/magnific-popup.css]
[www.jobyfied.com/css/jquery-ui.css]
[www.jobyfied.com/css/bootstrap.min.css]
[www.jobyfied.com/css/owl.carousel.min.css]
[www.jobyfied.com/css/owl.theme.default.min.css]
[www.jobyfied.com/css/bootstrap-datepicker.css]
[cdn.jsdelivr.net/npm/mediaelement@4.2.7/build/mediaelementplayer.min.css]
[www.jobyfied.com/fonts/flaticon/font/flaticon.css]
[www.jobyfied.com/css/aos.css]
[www.jobyfied.com/css/animate.css]
[www.jobyfied.com/fonts/neo fobia/stylefont.css]
[www.jobyfied.com/css/style.css]
[www.jobyfied.com/postjob.html]
[www.jobyfied.com/images/hero_1.jpg]
[www.jobyfied.com/index-2.html]
[www.jobyfied.com/accounts.html]
[www.jobyfied.com/automotive.html]
[www.jobyfied.com/Hr_administration.html]
[www.jobyfied.com/healthcare.html]
[www.jobyfied.com/IT_networking.html]
[www.jobyfied.com/foodservices.html]
[www.jobyfied.com/job-descriptionbd42.html]
[www.jobyfied.com/others_jobs.html]
[www.jobyfied.com/job-description4bc1.html]
[www.jobyfied.com/engineering.html]
[www.jobyfied.com/job-description747f.html]
[www.jobyfied.com/job-description62f0.html]
[www.jobyfied.com/job-description415f.html]
[www.jobyfied.com/job-descriptionc72f.html]
[www.jobyfied.com/job-descriptiond1a2.html]
[www.jobyfied.com/js/jquery-migrate-3.0.1.min.js]
[www.jobyfied.com/job-description5203.html]
[www.jobyfied.com/index.html]
[fonts.googleapis.com/css.2d0f4.delayed]
[www.jobyfied.com/fonts/icomoon/style.css]
[www.jobyfied.com/css/bootstrap.min.css]
[www.jobyfied.com/css/magnific-popup.css]
[www.jobyfied.com/css/jquery-ui.css]
[www.jobyfied.com/css/owl.carousel.min.css]
[www.jobyfied.com/css/owl.theme.default.min.css]
[www.jobyfied.com/css/bootstrap-datepicker.css]
[www.jobyfied.com/css/animate.css]
[cdn.jsdelivr.net/npm/mediaelement@4.2.7/build/mediaelementplayer.min.css]
[www.jobyfied.com/fonts/flaticon/font/flaticon.css]
[www.jobyfied.com/css/aos.css]
[www.jobyfied.com/css/style.css]
[www.jobyfied.com/fonts/neo fobia/stylefont.css]
[www.jobyfied.com/index-2.html]
[www.jobyfied.com/postjob.html]
[www.jobyfied.com/js/jquery-ui.html]
[www.jobyfied.com/images/hero_1.jpg]
